Test     : Initial state: 
Test     : StateCoupled: FV3JEDI
Test     :  -----------------------------------------------------------------------------------------------
Test     :  State print | number of fields = 11 | cube sphere face size: C12
Test     :    u                             : Min = -1.349684e+02, Max = +1.278492e+02, RMS = +1.583734e+01
Test     :    v                             : Min = -1.427724e+02, Max = +1.232258e+02, RMS = +1.737459e+01
Test     :    ua                            : Min = -9.987031e+01, Max = +1.684620e+02, RMS = +2.214699e+01
Test     :    va                            : Min = -9.878677e+01, Max = +1.111114e+02, RMS = +1.063430e+01
Test     :    T                             : Min = +1.572711e+02, Max = +3.067189e+02, RMS = +2.496414e+02
Test     :    DELP                          : Min = +6.059999e-01, Max = +1.794782e+03, RMS = +9.576774e+02
Test     :    sphum                         : Min = +0.000000e+00, Max = +1.863953e-02, RMS = +4.694916e-03
Test     :    ice_wat                       : Min = -1.353665e-21, Max = +5.075421e-04, RMS = +1.579572e-05
Test     :    liq_wat                       : Min = -6.468332e-21, Max = +9.803740e-04, RMS = +3.386975e-05
Test     :    o3mr                          : Min = -2.651589e-09, Max = +2.357276e-05, RMS = +4.356844e-06
Test     :    phis                          : Min = -2.647795e+02, Max = +4.948336e+04, RMS = +5.949483e+03
Test     :  -----------------------------------------------------------------------------------------------
Test     : StateCoupled: SOCA
Test     :   Valid time: 2020-12-14T21:00:00Z
Test     :    socn   min=   10.721046   max=   40.441659   mean=   34.544390
Test     :    tocn   min=   -1.888390   max=   31.700465   mean=    6.017565
Test     :     ssh   min=   -1.924485   max=    0.927283   mean=   -0.276790
Test     :    hocn   min=    0.001000   max= 1345.640000   mean=  128.628064
Test     :    uocn   min=   -0.858169   max=    0.700095   mean=   -0.000259
Test     :    vocn   min=   -0.766110   max=    1.437777   mean=    0.002197
Test     : Final state: 
Test     : StateCoupled: FV3JEDI
Test     :  -----------------------------------------------------------------------------------------------
Test     :  State print | number of fields = 11 | cube sphere face size: C12
Test     :    u                             : Min = -1.116949e+02, Max = +1.532468e+02, RMS = +1.641685e+01
Test     :    v                             : Min = -1.268071e+02, Max = +1.398755e+02, RMS = +1.778020e+01
Test     :    ua                            : Min = -1.107001e+02, Max = +1.416306e+02, RMS = +2.159733e+01
Test     :    va                            : Min = -9.306866e+01, Max = +8.668237e+01, RMS = +9.332926e+00
Test     :    T                             : Min = +1.598847e+02, Max = +3.053261e+02, RMS = +2.495659e+02
Test     :    DELP                          : Min = +6.060000e-01, Max = +1.787922e+03, RMS = +9.576324e+02
Test     :    sphum                         : Min = +2.977956e-07, Max = +1.837522e-02, RMS = +4.649280e-03
Test     :    ice_wat                       : Min = -1.973468e-07, Max = +3.845817e-04, RMS = +1.222303e-05
Test     :    liq_wat                       : Min = -2.985414e-07, Max = +9.530387e-04, RMS = +2.643431e-05
Test     :    o3mr                          : Min = +1.272784e-08, Max = +1.701009e-05, RMS = +4.353667e-06
Test     :    phis                          : Min = -2.647795e+02, Max = +4.948336e+04, RMS = +5.949483e+03
Test     :  -----------------------------------------------------------------------------------------------
Test     : StateCoupled: SOCA
Test     :   Valid time: 2020-12-15T03:00:00Z
Test     :    socn   min=   10.721046   max=   40.441659   mean=   34.546740
Test     :    tocn   min=   -1.887492   max=   31.685870   mean=    6.015182
Test     :     ssh   min=   -1.907843   max=    0.907556   mean=   -0.276583
Test     :    hocn   min=    0.000842   max= 1347.817390   mean=  128.628041
Test     :    uocn   min=   -0.841682   max=    0.678639   mean=    0.000272
Test     :    vocn   min=   -1.159358   max=    0.948744   mean=    0.000362
