SOCA state: 
  Valid time: 2020-12-14T21:00:00Z
sea_surface_height_above_geoid   min=-1.9244847628277935   max=0.9272826517867588   mean=-0.2767903423591663
FV3JEDI state: 
----------------------------------------------------------------------------------------------------
State print | number of fields = 1 | cube sphere face size: C12
air_temperature                              | Min:+1.5727112567986427e+02 Max:+3.0671885029730902e+02 RMS:+2.4964139399382458e+02
----------------------------------------------------------------------------------------------------
FV3JEDI state after interpolation: 
----------------------------------------------------------------------------------------------------
State print | number of fields = 2 | cube sphere face size: C12
air_temperature                              | Min:+1.5727112567986427e+02 Max:+3.0671885029730902e+02 RMS:+2.4964139399382458e+02
sea_surface_height_above_geoid               | Min:-1.8541259932040626e+00 Max:+8.9752463604665500e-01 RMS:+5.3085848263674584e-01
----------------------------------------------------------------------------------------------------
